{"ts":"2026-05-16T05:55:51.6145250-03:00","event":"evidence_session_start","sandbox_root":"F:\\Projects\\MegaDrive_DEV\\SGDK_projects\\NOVO ARARA GI FIGHTER V2 [VER.001] [SGDK 211] [GEN] [PROTOTIPO] [LUTA]\\out\\evidence\\blastem\\sandbox_20260516_055551_e5ce59cb","emulator":"F:\\Projects\\MegaDrive_DEV\\tools\\emuladores\\BlastEm\\blastem.exe","session_id":"20260516_055551_e5ce59cb","rom":"F:\\Projects\\MegaDrive_DEV\\SGDK_projects\\NOVO ARARA GI FIGHTER V2 [VER.001] [SGDK 211] [GEN] [PROTOTIPO] [LUTA]\\out\\rom.bin","seeded_sram_path":null}
{"ts":"2026-05-16T05:55:51.7296265-03:00","event":"process_started","pid":21084}
{"ts":"2026-05-16T05:55:52.0217093-03:00","event":"window_ready","hwnd":5376608,"title":"BlastEm"}
{"ts":"2026-05-16T05:55:52.5933571-03:00","event":"foreground_for_warmup","success":true}
{"ts":"2026-05-16T05:55:59.6572879-03:00","event":"ready_wait_begin","timeout_ms":15000,"warmup_ms":7000,"ready_probe_source":"sram_ready_heartbeat","save_roots":["F:\\Projects\\MegaDrive_DEV\\SGDK_projects\\NOVO ARARA GI FIGHTER V2 [VER.001] [SGDK 211] [GEN] [PROTOTIPO] [LUTA]\\out\\evidence\\blastem\\sandbox_20260516_055551_e5ce59cb\\saves","F:\\Projects\\MegaDrive_DEV\\SGDK_projects\\NOVO ARARA GI FIGHTER V2 [VER.001] [SGDK 211] [GEN] [PROTOTIPO] [LUTA]\\out\\evidence\\blastem\\sandbox_20260516_055551_e5ce59cb"],"fsw_watchers":2}
{"ts":"2026-05-16T05:56:07.4419858-03:00","event":"input_dispatch","class_name":"SDL_app","extended":false,"foreground_ok":true,"foreground_pid":21084,"hold_ms":60,"foreground_hwnd":"0x520A60","hwnd":"0x520A60","delivery":"sendinput","virtual_key":"0x1B"}
{"ts":"2026-05-16T05:56:08.0321504-03:00","event":"input_dispatch","class_name":"SDL_app","extended":false,"foreground_ok":true,"foreground_pid":21084,"hold_ms":60,"foreground_hwnd":"0x520A60","hwnd":"0x520A60","delivery":"sendinput","virtual_key":"0x1B"}
{"ts":"2026-05-16T05:56:08.1094493-03:00","event":"nav_flush_cycle"}
{"ts":"2026-05-16T05:56:12.9563725-03:00","event":"input_dispatch","class_name":"SDL_app","extended":false,"foreground_ok":true,"foreground_pid":21084,"hold_ms":60,"foreground_hwnd":"0x520A60","hwnd":"0x520A60","delivery":"sendinput","virtual_key":"0x1B"}
{"ts":"2026-05-16T05:56:13.4885238-03:00","event":"input_dispatch","class_name":"SDL_app","extended":false,"foreground_ok":true,"foreground_pid":21084,"hold_ms":60,"foreground_hwnd":"0x520A60","hwnd":"0x520A60","delivery":"sendinput","virtual_key":"0x1B"}
{"ts":"2026-05-16T05:56:13.5632879-03:00","event":"nav_flush_cycle"}
{"ts":"2026-05-16T05:56:14.9098959-03:00","event":"input_dispatch","class_name":"SDL_app","extended":false,"foreground_ok":true,"foreground_pid":21084,"hold_ms":60,"foreground_hwnd":"0x520A60","hwnd":"0x520A60","delivery":"sendinput","virtual_key":"0x1B"}
{"ts":"2026-05-16T05:56:15.4664969-03:00","event":"input_dispatch","class_name":"SDL_app","extended":false,"foreground_ok":true,"foreground_pid":21084,"hold_ms":60,"foreground_hwnd":"0x520A60","hwnd":"0x520A60","delivery":"sendinput","virtual_key":"0x1B"}
{"ts":"2026-05-16T05:56:15.5452261-03:00","event":"nav_flush_cycle"}
{"ts":"2026-05-16T05:56:16.7746816-03:00","event":"ready_timeout","timeout_ms":15000}
{"ts":"2026-05-16T05:56:17.1486480-03:00","event":"screenshot_captured","path":"F:\\Projects\\MegaDrive_DEV\\SGDK_projects\\NOVO ARARA GI FIGHTER V2 [VER.001] [SGDK 211] [GEN] [PROTOTIPO] [LUTA]\\out\\evidence\\blastem\\screenshot.png"}
{"ts":"2026-05-16T05:56:17.3736483-03:00","event":"input_dispatch","class_name":"SDL_app","extended":false,"foreground_ok":true,"foreground_pid":21084,"hold_ms":60,"foreground_hwnd":"0x520A60","hwnd":"0x520A60","delivery":"sendinput","virtual_key":"0x1B"}
{"ts":"2026-05-16T05:56:17.9067878-03:00","event":"input_dispatch","class_name":"SDL_app","extended":false,"foreground_ok":true,"foreground_pid":21084,"hold_ms":60,"foreground_hwnd":"0x520A60","hwnd":"0x520A60","delivery":"sendinput","virtual_key":"0x1B"}
{"ts":"2026-05-16T05:56:18.0016097-03:00","event":"nav_flush_cycle"}
{"ts":"2026-05-16T05:56:19.0836646-03:00","event":"sram_not_found"}
{"ts":"2026-05-16T05:56:19.0941826-03:00","event":"vdp_dump_not_available","sram_magic":null,"note":"save.sram nao foi capturada; nao ha fonte para extrair visual_vdp_dump.bin.","sram_path":null}
{"ts":"2026-05-16T05:56:19.1418544-03:00","event":"close_input_idle","reached_idle":true}
{"ts":"2026-05-16T05:56:19.3772215-03:00","event":"close_foreground","success":true}
{"ts":"2026-05-16T05:56:19.6275692-03:00","event":"input_dispatch","class_name":"SDL_app","extended":false,"foreground_ok":true,"foreground_pid":21084,"hold_ms":90,"foreground_hwnd":"0x520A60","hwnd":"0x520A60","delivery":"sendinput","virtual_key":"0x1B"}
{"ts":"2026-05-16T05:56:19.7397130-03:00","event":"close_esc_sent"}
{"ts":"2026-05-16T05:56:23.7583244-03:00","event":"close_main_window_sent","posted":true}
{"ts":"2026-05-16T05:56:24.0145483-03:00","event":"close_exit_via_wm_close","exit_code":0}
{"ts":"2026-05-16T05:56:24.0530662-03:00","event":"session_stopped","forced":false,"exit_code":0,"exit_mode":"wm_close"}
{"ts":"2026-05-16T05:56:24.2454115-03:00","event":"sram_recovered_post_close","dest":"F:\\Projects\\MegaDrive_DEV\\SGDK_projects\\NOVO ARARA GI FIGHTER V2 [VER.001] [SGDK 211] [GEN] [PROTOTIPO] [LUTA]\\out\\evidence\\blastem\\save.sram","source":"F:\\Projects\\MegaDrive_DEV\\SGDK_projects\\NOVO ARARA GI FIGHTER V2 [VER.001] [SGDK 211] [GEN] [PROTOTIPO] [LUTA]\\out\\evidence\\blastem\\sandbox_20260516_055551_e5ce59cb\\saves\\rom\\save.sram"}
{"ts":"2026-05-16T05:56:24.3166231-03:00","event":"vdp_dump_not_available_post_close","note":"ROM exportou bloco MDRT em save.sram; visual_vdp_dump.bin exige bloco VLAB ou outro exportador dedicado.","sram_path":"F:\\Projects\\MegaDrive_DEV\\SGDK_projects\\NOVO ARARA GI FIGHTER V2 [VER.001] [SGDK 211] [GEN] [PROTOTIPO] [LUTA]\\out\\evidence\\blastem\\save.sram","sram_magic":"MDRT"}
{"ts":"2026-05-16T05:56:24.3476746-03:00","event":"ready_heartbeat_recovered_post_close","sram_path":"F:\\Projects\\MegaDrive_DEV\\SGDK_projects\\NOVO ARARA GI FIGHTER V2 [VER.001] [SGDK 211] [GEN] [PROTOTIPO] [LUTA]\\out\\evidence\\blastem\\save.sram"}
