==============================================================================
[PREP] SGDK Asset Preparation
==============================================================================
[PROJECT ] F:\Projects\MegaDrive_DEV\SGDK_projects\NOVO ARARA GI FIGHTER V2 [VER.001] [SGDK 211] [GEN] [PROTOTIPO] [LUTA]
[MODE    ] fase 1: corrigir imagens invalidas ja presentes em res/
[OK      ] saida ja compativel com SGDK: bgs/lapa_bg_a.png
[OK      ] saida ja compativel com SGDK: bgs/lapa_bg_b.png
[OK      ] saida ja compativel com SGDK: sprites/caio_arara_sheet.png
[OK      ] saida ja compativel com SGDK: sprites/characters/caio/crouch.png
[OK      ] saida ja compativel com SGDK: sprites/characters/caio/dash.png
[OK      ] saida ja compativel com SGDK: sprites/characters/caio/getup.png
[OK      ] saida ja compativel com SGDK: sprites/characters/caio/grip.png
[OK      ] saida ja compativel com SGDK: sprites/characters/caio/guard.png
[OK      ] saida ja compativel com SGDK: sprites/characters/caio/hip_throw.png
[OK      ] saida ja compativel com SGDK: sprites/characters/caio/hurt.png
[OK      ] saida ja compativel com SGDK: sprites/characters/caio/idle.png
[OK      ] saida ja compativel com SGDK: sprites/characters/caio/jab.png
[OK      ] saida ja compativel com SGDK: sprites/characters/caio/jump.png
[OK      ] saida ja compativel com SGDK: sprites/characters/caio/knockdown.png
[OK      ] saida ja compativel com SGDK: sprites/characters/caio/medium.png
[OK      ] saida ja compativel com SGDK: sprites/characters/caio/palettes/pal1.png
[OK      ] saida ja compativel com SGDK: sprites/characters/caio/walk_back.png
[OK      ] saida ja compativel com SGDK: sprites/characters/caio/walk_forward.png
[OK      ] saida ja compativel com SGDK: sprites/characters/davi/crouch.png
[OK      ] saida ja compativel com SGDK: sprites/characters/davi/dash.png
[OK      ] saida ja compativel com SGDK: sprites/characters/davi/getup.png
[OK      ] saida ja compativel com SGDK: sprites/characters/davi/grip.png
[OK      ] saida ja compativel com SGDK: sprites/characters/davi/guard.png
[OK      ] saida ja compativel com SGDK: sprites/characters/davi/hip_throw.png
[OK      ] saida ja compativel com SGDK: sprites/characters/davi/hurt.png
[OK      ] saida ja compativel com SGDK: sprites/characters/davi/idle.png
[OK      ] saida ja compativel com SGDK: sprites/characters/davi/jab.png
[OK      ] saida ja compativel com SGDK: sprites/characters/davi/jump.png
[OK      ] saida ja compativel com SGDK: sprites/characters/davi/knockdown.png
[OK      ] saida ja compativel com SGDK: sprites/characters/davi/medium.png
[OK      ] saida ja compativel com SGDK: sprites/characters/davi/palettes/pal1.png
[OK      ] saida ja compativel com SGDK: sprites/characters/davi/walk_back.png
[OK      ] saida ja compativel com SGDK: sprites/characters/davi/walk_forward.png
[OK      ] saida ja compativel com SGDK: sprites/davi_arara_sheet.png
[OK      ] saida ja compativel com SGDK: sprites/effects/hit_spark.png
[MODE    ] fase 2: fallback legado usando data/ + resources.res
[SCAN    ] modo legado encontrou 31 recurso(s) e 0 fonte(s) em data/
[FAIL    ] modo legado sem fonte compativel para lapa_bg_b
[FAIL    ] modo legado sem fonte compativel para lapa_bg_a
[FAIL    ] modo legado sem fonte compativel para spr_hit_spark
[FAIL    ] modo legado sem fonte compativel para spr_caio_idle
[FAIL    ] modo legado sem fonte compativel para spr_caio_walk_forward
[FAIL    ] modo legado sem fonte compativel para spr_caio_walk_back
[FAIL    ] modo legado sem fonte compativel para spr_caio_dash
[FAIL    ] modo legado sem fonte compativel para spr_caio_crouch
[FAIL    ] modo legado sem fonte compativel para spr_caio_jump
[FAIL    ] modo legado sem fonte compativel para spr_caio_guard
[FAIL    ] modo legado sem fonte compativel para spr_caio_jab
[FAIL    ] modo legado sem fonte compativel para spr_caio_medium
[FAIL    ] modo legado sem fonte compativel para spr_caio_grip
[FAIL    ] modo legado sem fonte compativel para spr_caio_hip_throw
[FAIL    ] modo legado sem fonte compativel para spr_caio_hurt
[FAIL    ] modo legado sem fonte compativel para spr_caio_knockdown
[FAIL    ] modo legado sem fonte compativel para spr_caio_getup
[FAIL    ] modo legado sem fonte compativel para spr_davi_idle
[FAIL    ] modo legado sem fonte compativel para spr_davi_walk_forward
[FAIL    ] modo legado sem fonte compativel para spr_davi_walk_back
[FAIL    ] modo legado sem fonte compativel para spr_davi_dash
[FAIL    ] modo legado sem fonte compativel para spr_davi_crouch
[FAIL    ] modo legado sem fonte compativel para spr_davi_jump
[FAIL    ] modo legado sem fonte compativel para spr_davi_guard
[FAIL    ] modo legado sem fonte compativel para spr_davi_jab
[FAIL    ] modo legado sem fonte compativel para spr_davi_medium
[FAIL    ] modo legado sem fonte compativel para spr_davi_grip
[FAIL    ] modo legado sem fonte compativel para spr_davi_hip_throw
[FAIL    ] modo legado sem fonte compativel para spr_davi_hurt
[FAIL    ] modo legado sem fonte compativel para spr_davi_knockdown
[FAIL    ] modo legado sem fonte compativel para spr_davi_getup
==============================================================================
[PREP] Preparation Summary
==============================================================================
[SUMMARY ] prepared=0 cached=0 backups=0 failed=31
