F:/Projects/MegaDrive_DEV/sdk/sgdk-2.11//bin/mkdir -p out/src/
F:/Projects/MegaDrive_DEV/sdk/sgdk-2.11//bin/gcc  -DSGDK_GCC -m68000 -fdiagnostics-color=always -Wall -Wextra -Wno-shift-negative-value -Wno-main -Wno-unused-parameter -fno-builtin -ffunction-sections -fdata-sections -fms-extensions -I. -Iinc -Isrc -Ires -IF:/Projects/MegaDrive_DEV/sdk/sgdk-2.11//inc -IF:/Projects/MegaDrive_DEV/sdk/sgdk-2.11//res -BF:/Projects/MegaDrive_DEV/sdk/sgdk-2.11//bin -O3 -fuse-linker-plugin -fno-web -fno-gcse -fomit-frame-pointer -flto -flto=auto -ffat-lto-objects -MMD -c src/game_vars.c -o out/src/game_vars.o
F:/Projects/MegaDrive_DEV/sdk/sgdk-2.11//bin/mkdir -p out/src/
F:/Projects/MegaDrive_DEV/sdk/sgdk-2.11//bin/gcc  -DSGDK_GCC -m68000 -fdiagnostics-color=always -Wall -Wextra -Wno-shift-negative-value -Wno-main -Wno-unused-parameter -fno-builtin -ffunction-sections -fdata-sections -fms-extensions -I. -Iinc -Isrc -Ires -IF:/Projects/MegaDrive_DEV/sdk/sgdk-2.11//inc -IF:/Projects/MegaDrive_DEV/sdk/sgdk-2.11//res -BF:/Projects/MegaDrive_DEV/sdk/sgdk-2.11//bin -O3 -fuse-linker-plugin -fno-web -fno-gcse -fomit-frame-pointer -flto -flto=auto -ffat-lto-objects -MMD -c src/main.c -o out/src/main.o
F:/Projects/MegaDrive_DEV/sdk/sgdk-2.11//bin/mkdir -p out/src/core/
F:/Projects/MegaDrive_DEV/sdk/sgdk-2.11//bin/gcc  -DSGDK_GCC -m68000 -fdiagnostics-color=always -Wall -Wextra -Wno-shift-negative-value -Wno-main -Wno-unused-parameter -fno-builtin -ffunction-sections -fdata-sections -fms-extensions -I. -Iinc -Isrc -Ires -IF:/Projects/MegaDrive_DEV/sdk/sgdk-2.11//inc -IF:/Projects/MegaDrive_DEV/sdk/sgdk-2.11//res -BF:/Projects/MegaDrive_DEV/sdk/sgdk-2.11//bin -O3 -fuse-linker-plugin -fno-web -fno-gcse -fomit-frame-pointer -flto -flto=auto -ffat-lto-objects -MMD -c src/core/app.c -o out/src/core/app.o
F:/Projects/MegaDrive_DEV/sdk/sgdk-2.11//bin/mkdir -p out/src/scenes/
F:/Projects/MegaDrive_DEV/sdk/sgdk-2.11//bin/gcc  -DSGDK_GCC -m68000 -fdiagnostics-color=always -Wall -Wextra -Wno-shift-negative-value -Wno-main -Wno-unused-parameter -fno-builtin -ffunction-sections -fdata-sections -fms-extensions -I. -Iinc -Isrc -Ires -IF:/Projects/MegaDrive_DEV/sdk/sgdk-2.11//inc -IF:/Projects/MegaDrive_DEV/sdk/sgdk-2.11//res -BF:/Projects/MegaDrive_DEV/sdk/sgdk-2.11//bin -O3 -fuse-linker-plugin -fno-web -fno-gcse -fomit-frame-pointer -flto -flto=auto -ffat-lto-objects -MMD -c src/scenes/scene_boot.c -o out/src/scenes/scene_boot.o
F:/Projects/MegaDrive_DEV/sdk/sgdk-2.11//bin/mkdir -p out/src/scenes/
F:/Projects/MegaDrive_DEV/sdk/sgdk-2.11//bin/gcc  -DSGDK_GCC -m68000 -fdiagnostics-color=always -Wall -Wextra -Wno-shift-negative-value -Wno-main -Wno-unused-parameter -fno-builtin -ffunction-sections -fdata-sections -fms-extensions -I. -Iinc -Isrc -Ires -IF:/Projects/MegaDrive_DEV/sdk/sgdk-2.11//inc -IF:/Projects/MegaDrive_DEV/sdk/sgdk-2.11//res -BF:/Projects/MegaDrive_DEV/sdk/sgdk-2.11//bin -O3 -fuse-linker-plugin -fno-web -fno-gcse -fomit-frame-pointer -flto -flto=auto -ffat-lto-objects -MMD -c src/scenes/scene_demo.c -o out/src/scenes/scene_demo.o
F:/Projects/MegaDrive_DEV/sdk/sgdk-2.11//bin/mkdir -p out/src/scenes/
F:/Projects/MegaDrive_DEV/sdk/sgdk-2.11//bin/gcc  -DSGDK_GCC -m68000 -fdiagnostics-color=always -Wall -Wextra -Wno-shift-negative-value -Wno-main -Wno-unused-parameter -fno-builtin -ffunction-sections -fdata-sections -fms-extensions -I. -Iinc -Isrc -Ires -IF:/Projects/MegaDrive_DEV/sdk/sgdk-2.11//inc -IF:/Projects/MegaDrive_DEV/sdk/sgdk-2.11//res -BF:/Projects/MegaDrive_DEV/sdk/sgdk-2.11//bin -O3 -fuse-linker-plugin -fno-web -fno-gcse -fomit-frame-pointer -flto -flto=auto -ffat-lto-objects -MMD -c src/scenes/scene_menu.c -o out/src/scenes/scene_menu.o
F:/Projects/MegaDrive_DEV/sdk/sgdk-2.11//bin/mkdir -p out/src/system/
F:/Projects/MegaDrive_DEV/sdk/sgdk-2.11//bin/gcc  -DSGDK_GCC -m68000 -fdiagnostics-color=always -Wall -Wextra -Wno-shift-negative-value -Wno-main -Wno-unused-parameter -fno-builtin -ffunction-sections -fdata-sections -fms-extensions -I. -Iinc -Isrc -Ires -IF:/Projects/MegaDrive_DEV/sdk/sgdk-2.11//inc -IF:/Projects/MegaDrive_DEV/sdk/sgdk-2.11//res -BF:/Projects/MegaDrive_DEV/sdk/sgdk-2.11//bin -O3 -fuse-linker-plugin -fno-web -fno-gcse -fomit-frame-pointer -flto -flto=auto -ffat-lto-objects -MMD -c src/system/input.c -o out/src/system/input.o
F:/Projects/MegaDrive_DEV/sdk/sgdk-2.11//bin/mkdir -p out/src/system/
F:/Projects/MegaDrive_DEV/sdk/sgdk-2.11//bin/gcc  -DSGDK_GCC -m68000 -fdiagnostics-color=always -Wall -Wextra -Wno-shift-negative-value -Wno-main -Wno-unused-parameter -fno-builtin -ffunction-sections -fdata-sections -fms-extensions -I. -Iinc -Isrc -Ires -IF:/Projects/MegaDrive_DEV/sdk/sgdk-2.11//inc -IF:/Projects/MegaDrive_DEV/sdk/sgdk-2.11//res -BF:/Projects/MegaDrive_DEV/sdk/sgdk-2.11//bin -O3 -fuse-linker-plugin -fno-web -fno-gcse -fomit-frame-pointer -flto -flto=auto -ffat-lto-objects -MMD -c src/system/overlay.c -o out/src/system/overlay.o
F:/Projects/MegaDrive_DEV/sdk/sgdk-2.11//bin/mkdir -p out/src/system/
F:/Projects/MegaDrive_DEV/sdk/sgdk-2.11//bin/gcc  -DSGDK_GCC -m68000 -fdiagnostics-color=always -Wall -Wextra -Wno-shift-negative-value -Wno-main -Wno-unused-parameter -fno-builtin -ffunction-sections -fdata-sections -fms-extensions -I. -Iinc -Isrc -Ires -IF:/Projects/MegaDrive_DEV/sdk/sgdk-2.11//inc -IF:/Projects/MegaDrive_DEV/sdk/sgdk-2.11//res -BF:/Projects/MegaDrive_DEV/sdk/sgdk-2.11//bin -O3 -fuse-linker-plugin -fno-web -fno-gcse -fomit-frame-pointer -flto -flto=auto -ffat-lto-objects -MMD -c src/system/runtime_probe.c -o out/src/system/runtime_probe.o
F:/Projects/MegaDrive_DEV/sdk/sgdk-2.11//bin/mkdir -p out/
echo "out/res/resources.o out/src/game_vars.o out/src/main.o out/src/core/app.o out/src/scenes/scene_boot.o out/src/scenes/scene_demo.o out/src/scenes/scene_menu.o out/src/system/input.o out/src/system/overlay.o out/src/system/runtime_probe.o" > out/cmd_
F:/Projects/MegaDrive_DEV/sdk/sgdk-2.11//bin/mkdir -p out/
F:/Projects/MegaDrive_DEV/sdk/sgdk-2.11//bin/gcc -m68000 -BF:/Projects/MegaDrive_DEV/sdk/sgdk-2.11//bin -n -T F:/Projects/MegaDrive_DEV/sdk/sgdk-2.11//md.ld -nostdlib out/sega.o @out/cmd_ F:/Projects/MegaDrive_DEV/sdk/sgdk-2.11//lib/libmd.a F:/Projects/MegaDrive_DEV/sdk/sgdk-2.11//lib/libgcc.a -o out/rom.out -Wl,--gc-sections -flto -flto=auto -ffat-lto-objects
F:/Projects/MegaDrive_DEV/sdk/sgdk-2.11//bin/rm out/cmd_
F:/Projects/MegaDrive_DEV/sdk/sgdk-2.11//bin/nm --plugin=liblto_plugin.dll -n -l out/rom.out > out/symbol.txt
F:/Projects/MegaDrive_DEV/sdk/sgdk-2.11//bin/objcopy -O binary out/rom.out out/rom.bin
java -Xmx2g -jar F:/Projects/MegaDrive_DEV/sdk/sgdk-2.11//bin/sizebnd.jar out/rom.bin -sizealign 131072 -checksum
