{"ts":"2026-05-17T00:08:44.2984628-03:00","event":"capture_begin","frame_window":1800,"nav_steps":0,"sandbox_root":"F:\\Projects\\MegaDrive_DEV\\SGDK_projects\\NOVO ARARA GI FIGHTER V2 [VER.001] [SGDK 211] [GEN] [PROTOTIPO] [LUTA]\\out\\blastem_env_runtime","screenshot_root":"F:\\Projects\\MegaDrive_DEV\\SGDK_projects\\NOVO ARARA GI FIGHTER V2 [VER.001] [SGDK 211] [GEN] [PROTOTIPO] [LUTA]\\out\\blastem_env_runtime\\screenshots","timeout_seconds":60,"navigation_mode":"sram_bootstrap_only","ready_probe_source":"sram_ready_heartbeat","rom":"F:\\Projects\\MegaDrive_DEV\\SGDK_projects\\NOVO ARARA GI FIGHTER V2 [VER.001] [SGDK 211] [GEN] [PROTOTIPO] [LUTA]\\out\\logs\\runtime_capture_rom.bin","sram_offset":"0x200","heartbeat_offset":"0x100","failure_artifact_path":"F:\\Projects\\MegaDrive_DEV\\SGDK_projects\\NOVO ARARA GI FIGHTER V2 [VER.001] [SGDK 211] [GEN] [PROTOTIPO] [LUTA]\\out\\logs\\blastem_failure_20260517_000843.png","save_root":"F:\\Projects\\MegaDrive_DEV\\SGDK_projects\\NOVO ARARA GI FIGHTER V2 [VER.001] [SGDK 211] [GEN] [PROTOTIPO] [LUTA]\\out\\blastem_env_runtime\\saves"}
{"ts":"2026-05-17T00:08:44.6865969-03:00","event":"process_started","pid":23052}
{"ts":"2026-05-17T00:08:45.0260459-03:00","event":"window_ready","hwnd":8915518,"title":"BlastEm"}
{"ts":"2026-05-17T00:08:45.1121094-03:00","event":"navigation_not_required","reason":"sram_bootstrap_only"}
{"ts":"2026-05-17T00:08:50.6156974-03:00","event":"poll_heartbeat","sandbox_root":"F:\\Projects\\MegaDrive_DEV\\SGDK_projects\\NOVO ARARA GI FIGHTER V2 [VER.001] [SGDK 211] [GEN] [PROTOTIPO] [LUTA]\\out\\blastem_env_runtime","title":"SAMPLE PROGRAM - BlastEm - 59.2 fps","save_root_files":["save.sram"]}
{"ts":"2026-05-17T00:08:55.8540172-03:00","event":"poll_heartbeat","sandbox_root":"F:\\Projects\\MegaDrive_DEV\\SGDK_projects\\NOVO ARARA GI FIGHTER V2 [VER.001] [SGDK 211] [GEN] [PROTOTIPO] [LUTA]\\out\\blastem_env_runtime","title":"SAMPLE PROGRAM - BlastEm - 59.9 fps","save_root_files":["save.sram"]}
{"ts":"2026-05-17T00:09:01.0690772-03:00","event":"poll_heartbeat","sandbox_root":"F:\\Projects\\MegaDrive_DEV\\SGDK_projects\\NOVO ARARA GI FIGHTER V2 [VER.001] [SGDK 211] [GEN] [PROTOTIPO] [LUTA]\\out\\blastem_env_runtime","title":"SAMPLE PROGRAM - BlastEm - 59.9 fps","save_root_files":["save.sram"]}
{"ts":"2026-05-17T00:09:06.3212988-03:00","event":"poll_heartbeat","sandbox_root":"F:\\Projects\\MegaDrive_DEV\\SGDK_projects\\NOVO ARARA GI FIGHTER V2 [VER.001] [SGDK 211] [GEN] [PROTOTIPO] [LUTA]\\out\\blastem_env_runtime","title":"SAMPLE PROGRAM - BlastEm - 59.2 fps","save_root_files":["save.sram"]}
{"ts":"2026-05-17T00:09:11.5931353-03:00","event":"poll_heartbeat","sandbox_root":"F:\\Projects\\MegaDrive_DEV\\SGDK_projects\\NOVO ARARA GI FIGHTER V2 [VER.001] [SGDK 211] [GEN] [PROTOTIPO] [LUTA]\\out\\blastem_env_runtime","title":"SAMPLE PROGRAM - BlastEm - 59.5 fps","save_root_files":["save.sram"]}
{"ts":"2026-05-17T00:09:16.8938325-03:00","event":"poll_heartbeat","sandbox_root":"F:\\Projects\\MegaDrive_DEV\\SGDK_projects\\NOVO ARARA GI FIGHTER V2 [VER.001] [SGDK 211] [GEN] [PROTOTIPO] [LUTA]\\out\\blastem_env_runtime","title":"SAMPLE PROGRAM - BlastEm - 59.3 fps","save_root_files":["save.sram"]}
{"ts":"2026-05-17T00:09:22.1427803-03:00","event":"poll_heartbeat","sandbox_root":"F:\\Projects\\MegaDrive_DEV\\SGDK_projects\\NOVO ARARA GI FIGHTER V2 [VER.001] [SGDK 211] [GEN] [PROTOTIPO] [LUTA]\\out\\blastem_env_runtime","title":"SAMPLE PROGRAM - BlastEm - 60.9 fps","save_root_files":["save.sram"]}
{"ts":"2026-05-17T00:09:27.3741032-03:00","event":"poll_heartbeat","sandbox_root":"F:\\Projects\\MegaDrive_DEV\\SGDK_projects\\NOVO ARARA GI FIGHTER V2 [VER.001] [SGDK 211] [GEN] [PROTOTIPO] [LUTA]\\out\\blastem_env_runtime","title":"SAMPLE PROGRAM - BlastEm - 59.9 fps","save_root_files":["save.sram"]}
{"ts":"2026-05-17T00:09:32.6270093-03:00","event":"poll_heartbeat","sandbox_root":"F:\\Projects\\MegaDrive_DEV\\SGDK_projects\\NOVO ARARA GI FIGHTER V2 [VER.001] [SGDK 211] [GEN] [PROTOTIPO] [LUTA]\\out\\blastem_env_runtime","title":"SAMPLE PROGRAM - BlastEm - 59.3 fps","save_root_files":["save.sram"]}
{"ts":"2026-05-17T00:09:37.8839259-03:00","event":"poll_heartbeat","sandbox_root":"F:\\Projects\\MegaDrive_DEV\\SGDK_projects\\NOVO ARARA GI FIGHTER V2 [VER.001] [SGDK 211] [GEN] [PROTOTIPO] [LUTA]\\out\\blastem_env_runtime","title":"SAMPLE PROGRAM - BlastEm - 59.9 fps","save_root_files":["save.sram"]}
{"ts":"2026-05-17T00:09:43.1230356-03:00","event":"poll_heartbeat","sandbox_root":"F:\\Projects\\MegaDrive_DEV\\SGDK_projects\\NOVO ARARA GI FIGHTER V2 [VER.001] [SGDK 211] [GEN] [PROTOTIPO] [LUTA]\\out\\blastem_env_runtime","title":"SAMPLE PROGRAM - BlastEm - 60.9 fps","save_root_files":["save.sram"]}
{"ts":"2026-05-17T00:09:45.5792196-03:00","event":"runtime_screenshot","path":"F:\\Projects\\MegaDrive_DEV\\SGDK_projects\\NOVO ARARA GI FIGHTER V2 [VER.001] [SGDK 211] [GEN] [PROTOTIPO] [LUTA]\\out\\evidence\\blastem\\screenshot.png","saved":true}
{"ts":"2026-05-17T00:09:45.6048465-03:00","event":"runtime_close_main_window_sent","posted":true}
{"ts":"2026-05-17T00:09:45.9152002-03:00","event":"runtime_close_exit_via_wm_close","exit_code":0}
{"ts":"2026-05-17T00:09:45.9713118-03:00","event":"close_result","forced":false,"interactive":false,"close_exit_mode":"wm_close"}
{"ts":"2026-05-17T00:09:46.1012014-03:00","event":"sram_resolved","path":"F:\\Projects\\MegaDrive_DEV\\SGDK_projects\\NOVO ARARA GI FIGHTER V2 [VER.001] [SGDK 211] [GEN] [PROTOTIPO] [LUTA]\\out\\blastem_env_runtime\\saves\\runtime_capture_rom\\save.sram","captured_early":false,"fresh_sram_confirmed":true}
{"ts":"2026-05-17T00:09:46.1845293-03:00","event":"runtime_sram_canonicalized","path":"F:\\Projects\\MegaDrive_DEV\\SGDK_projects\\NOVO ARARA GI FIGHTER V2 [VER.001] [SGDK 211] [GEN] [PROTOTIPO] [LUTA]\\out\\evidence\\blastem\\save.sram","source":"F:\\Projects\\MegaDrive_DEV\\SGDK_projects\\NOVO ARARA GI FIGHTER V2 [VER.001] [SGDK 211] [GEN] [PROTOTIPO] [LUTA]\\out\\blastem_env_runtime\\saves\\runtime_capture_rom\\save.sram"}
{"ts":"2026-05-17T00:09:47.4852076-03:00","event":"capture_done","bootstrap_sram_path":"F:\\Projects\\MegaDrive_DEV\\SGDK_projects\\NOVO ARARA GI FIGHTER V2 [VER.001] [SGDK 211] [GEN] [PROTOTIPO] [LUTA]\\out\\blastem_env_runtime\\saves\\runtime_capture_rom\\save.sram","output_path":"F:\\Projects\\MegaDrive_DEV\\SGDK_projects\\NOVO ARARA GI FIGHTER V2 [VER.001] [SGDK 211] [GEN] [PROTOTIPO] [LUTA]\\out\\logs\\runtime_metrics.json","close_exit_mode":"wm_close","fresh_sram_confirmed":true}
